=== Starting My Page API Test ===

1. Logging in...
Login successful. Token: eyJhbGciOiJIUzI1NiIs...

2. Uploading Image...
Image uploaded. ID: 368d3614-e166-4f39-baf6-e5a36c623804

3. Updating Avatar...
Avatar updated.

4. Updating Profile Info...
Profile info updated.

5. Fetching My Profile...
My Profile: {
  id: 'd401c278-0170-43c3-8f5f-e59980a0e2a6',
  username: 'testuser1',
  name: 'Test User',
  email: 'testuser1@example.com',
  phone: '010-1234-5678',
  role: 'USER',
  created_at: '2025-12-02T00:50:32.319Z',
  gender: null,
  age: null,
  region_code: 'SEOUL',
  level: '以묎툒',
  sports: [ 1, 2 ],
  badge_summary: null,
  introduction: 'Hello, I am a test user!',
  attachment_id: '368d3614-e166-4f39-baf6-e5a36c623804',
  avatar_url: '/api/attachments/368d3614-e166-4f39-baf6-e5a36c623804/file',
  club_count: '3',
  application_count: '0'
}

6. Fetching My Clubs...
My Clubs Count: 3

7. Fetching My Flashes...
My Flashes Count: 11

8. Fetching My History...
